// Jest Snapshot v1, https://goo.gl/fbAQLP

exports[`AlgebraPool gas tests [ @skip-on-coverage ] Filled VolatilityOracle swaps dynamic fee large swap crossing several initialized ticks 1`] = `229253`;

exports[`AlgebraPool gas tests [ @skip-on-coverage ] Filled VolatilityOracle swaps dynamic fee small swap with filled volatilityOracle 1`] = `178713`;

exports[`AlgebraPool gas tests [ @skip-on-coverage ] Filled VolatilityOracle swaps dynamic fee small swap with filled volatilityOracle after 4h 1`] = `184682`;

exports[`AlgebraPool gas tests [ @skip-on-coverage ] Filled VolatilityOracle swaps dynamic fee small swap with filled volatilityOracle after 8h 1`] = `189640`;

exports[`AlgebraPool gas tests [ @skip-on-coverage ] Filled VolatilityOracle swaps static fee large swap crossing several initialized ticks 1`] = `226367`;

exports[`AlgebraPool gas tests [ @skip-on-coverage ] Filled VolatilityOracle swaps static fee small swap with filled volatilityOracle 1`] = `175869`;

exports[`AlgebraPool gas tests [ @skip-on-coverage ] Filled VolatilityOracle swaps static fee small swap with filled volatilityOracle after 4h 1`] = `181838`;

exports[`AlgebraPool gas tests [ @skip-on-coverage ] Filled VolatilityOracle swaps static fee small swap with filled volatilityOracle after 8h 1`] = `186796`;

exports[`AlgebraPool gas tests [ @skip-on-coverage ] Positions #burn above current price burn when only position using ticks 1`] = `154290`;

exports[`AlgebraPool gas tests [ @skip-on-coverage ] Positions #burn above current price entire position burn but other positions are using the ticks 1`] = `155171`;

exports[`AlgebraPool gas tests [ @skip-on-coverage ] Positions #burn above current price partial position burn 1`] = `159971`;

exports[`AlgebraPool gas tests [ @skip-on-coverage ] Positions #burn around current price burn when only position using ticks 1`] = `162436`;

exports[`AlgebraPool gas tests [ @skip-on-coverage ] Positions #burn around current price entire position burn but other positions are using the ticks 1`] = `159585`;

exports[`AlgebraPool gas tests [ @skip-on-coverage ] Positions #burn around current price partial position burn 1`] = `164385`;

exports[`AlgebraPool gas tests [ @skip-on-coverage ] Positions #burn below current price burn when only position using ticks 1`] = `161975`;

exports[`AlgebraPool gas tests [ @skip-on-coverage ] Positions #burn below current price entire position burn but other positions are using the ticks 1`] = `155815`;

exports[`AlgebraPool gas tests [ @skip-on-coverage ] Positions #burn below current price partial position burn 1`] = `160615`;

exports[`AlgebraPool gas tests [ @skip-on-coverage ] Positions #collect close to worst case 1`] = `52532`;

exports[`AlgebraPool gas tests [ @skip-on-coverage ] Positions #collect close to worst case, two tokens 1`] = `70251`;

exports[`AlgebraPool gas tests [ @skip-on-coverage ] Positions #mint above current price add to position existing 1`] = `172749`;

exports[`AlgebraPool gas tests [ @skip-on-coverage ] Positions #mint above current price new position mint first in range 1`] = `326639`;

exports[`AlgebraPool gas tests [ @skip-on-coverage ] Positions #mint above current price second position in same range 1`] = `189849`;

exports[`AlgebraPool gas tests [ @skip-on-coverage ] Positions #mint around current price add to position existing 1`] = `197826`;

exports[`AlgebraPool gas tests [ @skip-on-coverage ] Positions #mint around current price new position mint first in range 1`] = `404749`;

exports[`AlgebraPool gas tests [ @skip-on-coverage ] Positions #mint around current price second position in same range 1`] = `214926`;

exports[`AlgebraPool gas tests [ @skip-on-coverage ] Positions #mint below current price add to position existing 1`] = `173348`;

exports[`AlgebraPool gas tests [ @skip-on-coverage ] Positions #mint below current price new position mint first in range 1`] = `401003`;

exports[`AlgebraPool gas tests [ @skip-on-coverage ] Positions #mint below current price second position in same range 1`] = `190448`;

exports[`AlgebraPool gas tests [ @skip-on-coverage ] Positions #poke best case 1`] = `108010`;

exports[`AlgebraPool gas tests [ @skip-on-coverage ] fee is off #swap #swapExact0For1 first swap in block moves tick, no initialized crossings 1`] = `149003`;

exports[`AlgebraPool gas tests [ @skip-on-coverage ] fee is off #swap #swapExact0For1 first swap in block with no tick movement 1`] = `148972`;

exports[`AlgebraPool gas tests [ @skip-on-coverage ] fee is off #swap #swapExact0For1 first swap in block with no tick movement, static fee 1`] = `149669`;

exports[`AlgebraPool gas tests [ @skip-on-coverage ] fee is off #swap #swapExact0For1 first swap in block, large swap crossing a single initialized tick 1`] = `165631`;

exports[`AlgebraPool gas tests [ @skip-on-coverage ] fee is off #swap #swapExact0For1 first swap in block, large swap crossing several initialized ticks 1`] = `199358`;

exports[`AlgebraPool gas tests [ @skip-on-coverage ] fee is off #swap #swapExact0For1 first swap in block, large swap, no initialized crossings 1`] = `149070`;

exports[`AlgebraPool gas tests [ @skip-on-coverage ] fee is off #swap #swapExact0For1 large swap crossing several initialized ticks after some time passes 1`] = `199358`;

exports[`AlgebraPool gas tests [ @skip-on-coverage ] fee is off #swap #swapExact0For1 large swap crossing several initialized ticks second time after some time passes 1`] = `218558`;

exports[`AlgebraPool gas tests [ @skip-on-coverage ] fee is off #swap #swapExact0For1 second swap in block moves tick, no initialized crossings 1`] = `113456`;

exports[`AlgebraPool gas tests [ @skip-on-coverage ] fee is off #swap #swapExact0For1 second swap in block with no tick movement 1`] = `113420`;

exports[`AlgebraPool gas tests [ @skip-on-coverage ] fee is off #swap #swapExact0For1 second swap in block, large swap crossing a single initialized tick 1`] = `129269`;

exports[`AlgebraPool gas tests [ @skip-on-coverage ] fee is off #swap #swapExact0For1 second swap in block, large swap crossing several initialized ticks 1`] = `163817`;

exports[`AlgebraPool gas tests [ @skip-on-coverage ] fee is off #swap #swapExact0For1 several large swaps with pauses 1`] = `227874`;

exports[`AlgebraPool gas tests [ @skip-on-coverage ] fee is off #swap #swapExact0For1 small swap after several large swaps with pauses 1`] = `158157`;

exports[`AlgebraPool gas tests [ @skip-on-coverage ] fee is off #swap #swapExact1For0 first swap in block moves tick, no initialized crossings 1`] = `149094`;

exports[`AlgebraPool gas tests [ @skip-on-coverage ] fee is off #swap #swapExact1For0 first swap in block with no tick movement 1`] = `149042`;

exports[`AlgebraPool gas tests [ @skip-on-coverage ] fee is off #swap #swapExact1For0 second swap in block with no tick movement 1`] = `113511`;

exports[`AlgebraPool gas tests [ @skip-on-coverage ] fee is off #swap farming connected first swap in block moves tick, no initialized crossings 1`] = `180321`;

exports[`AlgebraPool gas tests [ @skip-on-coverage ] fee is off #swap farming connected first swap in block with no tick movement 1`] = `180269`;

exports[`AlgebraPool gas tests [ @skip-on-coverage ] fee is off #swap farming connected second swap in block with no tick movement 1`] = `127638`;

exports[`AlgebraPool gas tests [ @skip-on-coverage ] fee is on #swap #swapExact0For1 first swap in block moves tick, no initialized crossings 1`] = `156901`;

exports[`AlgebraPool gas tests [ @skip-on-coverage ] fee is on #swap #swapExact0For1 first swap in block with no tick movement 1`] = `156870`;

exports[`AlgebraPool gas tests [ @skip-on-coverage ] fee is on #swap #swapExact0For1 first swap in block with no tick movement, static fee 1`] = `149906`;

exports[`AlgebraPool gas tests [ @skip-on-coverage ] fee is on #swap #swapExact0For1 first swap in block, large swap crossing a single initialized tick 1`] = `173766`;

exports[`AlgebraPool gas tests [ @skip-on-coverage ] fee is on #swap #swapExact0For1 first swap in block, large swap crossing several initialized ticks 1`] = `208204`;

exports[`AlgebraPool gas tests [ @skip-on-coverage ] fee is on #swap #swapExact0For1 first swap in block, large swap, no initialized crossings 1`] = `156968`;

exports[`AlgebraPool gas tests [ @skip-on-coverage ] fee is on #swap #swapExact0For1 large swap crossing several initialized ticks after some time passes 1`] = `208204`;

exports[`AlgebraPool gas tests [ @skip-on-coverage ] fee is on #swap #swapExact0For1 large swap crossing several initialized ticks second time after some time passes 1`] = `227404`;

exports[`AlgebraPool gas tests [ @skip-on-coverage ] fee is on #swap #swapExact0For1 second swap in block moves tick, no initialized crossings 1`] = `121354`;

exports[`AlgebraPool gas tests [ @skip-on-coverage ] fee is on #swap #swapExact0For1 second swap in block with no tick movement 1`] = `121318`;

exports[`AlgebraPool gas tests [ @skip-on-coverage ] fee is on #swap #swapExact0For1 second swap in block, large swap crossing a single initialized tick 1`] = `137404`;

exports[`AlgebraPool gas tests [ @skip-on-coverage ] fee is on #swap #swapExact0For1 second swap in block, large swap crossing several initialized ticks 1`] = `172663`;

exports[`AlgebraPool gas tests [ @skip-on-coverage ] fee is on #swap #swapExact0For1 several large swaps with pauses 1`] = `236720`;

exports[`AlgebraPool gas tests [ @skip-on-coverage ] fee is on #swap #swapExact0For1 small swap after several large swaps with pauses 1`] = `158394`;

exports[`AlgebraPool gas tests [ @skip-on-coverage ] fee is on #swap #swapExact1For0 first swap in block moves tick, no initialized crossings 1`] = `156992`;

exports[`AlgebraPool gas tests [ @skip-on-coverage ] fee is on #swap #swapExact1For0 first swap in block with no tick movement 1`] = `156940`;

exports[`AlgebraPool gas tests [ @skip-on-coverage ] fee is on #swap #swapExact1For0 second swap in block with no tick movement 1`] = `121409`;

exports[`AlgebraPool gas tests [ @skip-on-coverage ] fee is on #swap farming connected first swap in block moves tick, no initialized crossings 1`] = `188219`;

exports[`AlgebraPool gas tests [ @skip-on-coverage ] fee is on #swap farming connected first swap in block with no tick movement 1`] = `188167`;

exports[`AlgebraPool gas tests [ @skip-on-coverage ] fee is on #swap farming connected second swap in block with no tick movement 1`] = `135536`;
