// Jest Snapshot v1, https://goo.gl/fbAQLP

exports[`unit/EternalVirtualPool #crossTo gas checks [ @skip-on-coverage ] with one cross otz 1`] = `98947`;

exports[`unit/EternalVirtualPool #crossTo gas checks [ @skip-on-coverage ] with one cross zto 1`] = `64782`;

exports[`unit/EternalVirtualPool #crossTo gas checks [ @skip-on-coverage ] with two crosses otz 1`] = `145867`;

exports[`unit/EternalVirtualPool #crossTo gas checks [ @skip-on-coverage ] with two crosses zto 1`] = `64782`;

exports[`unit/EternalVirtualPool #crossTo gas checks [ @skip-on-coverage ] without cross otz 1`] = `49227`;

exports[`unit/EternalVirtualPool #crossTo gas checks [ @skip-on-coverage ] without cross zto 1`] = `49420`;
