// Jest Snapshot v1, https://goo.gl/fbAQLP

exports[`unit/EternalFarms swap gas [ @skip-on-coverage ] swap with cross 1`] = `377835`;
