// Jest Snapshot v1, https://goo.gl/fbAQLP

exports[`AlgebraFactory #createPool gas 1`] = `6528707`;

exports[`AlgebraFactory factory bytecode size 1`] = `12234`;

exports[`AlgebraFactory pool bytecode size 1`] = `22101`;
