// Jest Snapshot v1, https://goo.gl/fbAQLP

exports[`TokenDeltaMath #getNewPriceAfterInput zeroForOne = false gas 1`] = `541`;

exports[`TokenDeltaMath #getNewPriceAfterInput zeroForOne = true gas 1`] = `672`;

exports[`TokenDeltaMath #getNewPriceAfterOutput zeroForOne = false gas 1`] = `743`;

exports[`TokenDeltaMath #getNewPriceAfterOutput zeroForOne = true gas 1`] = `466`;

exports[`TokenDeltaMath #getToken0Delta gas cost for amount0 where roundUp = true 1`] = `488`;

exports[`TokenDeltaMath #getToken0Delta gas cost for amount0 where roundUp = true 2`] = `440`;

exports[`TokenDeltaMath #getToken1Delta gas cost for amount0 where roundUp = false 1`] = `440`;

exports[`TokenDeltaMath #getToken1Delta gas cost for amount0 where roundUp = true 1`] = `488`;
