// Jest Snapshot v1, https://goo.gl/fbAQLP

exports[`Base64 #encode gas cost of encode(<some html>) [ @skip-on-coverage ] 1`] = `1663`;

exports[`Base64 #encode gas cost of encode(aLpHaBeT) [ @skip-on-coverage ] 1`] = `1442`;

exports[`Base64 #encode gas cost of encode(alphabet soup) [ @skip-on-coverage ] 1`] = `1873`;

exports[`Base64 #encode gas cost of encode(f) [ @skip-on-coverage ] 1`] = `989`;

exports[`Base64 #encode gas cost of encode(fo) [ @skip-on-coverage ] 1`] = `1000`;

exports[`Base64 #encode gas cost of encode(foo) [ @skip-on-coverage ] 1`] = `995`;

exports[`Base64 #encode gas cost of encode(foob) [ @skip-on-coverage ] 1`] = `1210`;

exports[`Base64 #encode gas cost of encode(fooba) [ @skip-on-coverage ] 1`] = `1221`;

exports[`Base64 #encode gas cost of encode(foobar) [ @skip-on-coverage ] 1`] = `1216`;

exports[`Base64 #encode gas cost of encode(includes
newlines) [ @skip-on-coverage ] 1`] = `2105`;

exports[`Base64 #encode gas cost of encode(test string) [ @skip-on-coverage ] 1`] = `1663`;

exports[`Base64 #encode gas cost of encode(this is a test) [ @skip-on-coverage ] 1`] = `1884`;

exports[`Base64 #encode gas cost of encode(this is a very long string that should cost a lot of gas to encode :)) [ @skip-on-coverage ] 1`] = `5869`;

exports[`Base64 #encode gas cost of encode(ðŸ˜€) [ @skip-on-coverage ] 1`] = `1210`;

exports[`Base64 #encode max size string (24kB) gas cost [ @skip-on-coverage ] 1`] = `3424946`;
