// Jest Snapshot v1, https://goo.gl/fbAQLP

exports[`PoolAddress #computeAddress gas cost 1`] = `579`;

exports[`PoolAddress #computeAddress matches example from core repo 1`] = `"0xDC7961eF15a964F567097e6a799735FCC9ca856A"`;
