// Jest Snapshot v1, https://goo.gl/fbAQLP

exports[`QuoterV2 quotes #quoteExactInputSingle 0 -> 2 1`] = `193715`;

exports[`QuoterV2 quotes #quoteExactInputSingle 2 -> 0 1`] = `187415`;

exports[`QuoterV2 quotes #quoteExactOutput 0 -> 2 -> 1 1`] = `339612`;

exports[`QuoterV2 quotes #quoteExactOutput 0 -> 2 cross 0 tick starting tick initialized 1`] = `174033`;

exports[`QuoterV2 quotes #quoteExactOutput 0 -> 2 cross 0 tick starting tick not initialized 1`] = `111553`;

exports[`QuoterV2 quotes #quoteExactOutput 0 -> 2 cross 1 tick 1`] = `156864`;

exports[`QuoterV2 quotes #quoteExactOutput 0 -> 2 cross 2 tick 1`] = `193103`;

exports[`QuoterV2 quotes #quoteExactOutput 0 -> 2 cross 2 where tick after is initialized 1`] = `156920`;

exports[`QuoterV2 quotes #quoteExactOutput 2 -> 0 cross 1 tick 1`] = `151362`;

exports[`QuoterV2 quotes #quoteExactOutput 2 -> 0 cross 2 ticks 1`] = `187612`;

exports[`QuoterV2 quotes #quoteExactOutput 2 -> 0 cross 2 where tick after is initialized 1`] = `187596`;

exports[`QuoterV2 quotes #quoteExactOutput 2 -> 1 1`] = `149072`;

exports[`QuoterV2 quotes #quoteExactOutputSingle 0 -> 1 1`] = `155235`;

exports[`QuoterV2 quotes #quoteExactOutputSingle 1 -> 0 1`] = `149657`;
