// Jest Snapshot v1, https://goo.gl/fbAQLP

exports[`unit/EternalVirtualPool #crossTo gas checks [ @skip-on-coverage ] with one cross otz 1`] = `93634`;

exports[`unit/EternalVirtualPool #crossTo gas checks [ @skip-on-coverage ] with one cross zto 1`] = `59480`;

exports[`unit/EternalVirtualPool #crossTo gas checks [ @skip-on-coverage ] with two crosses otz 1`] = `140551`;

exports[`unit/EternalVirtualPool #crossTo gas checks [ @skip-on-coverage ] with two crosses zto 1`] = `72042`;

exports[`unit/EternalVirtualPool #crossTo gas checks [ @skip-on-coverage ] without cross otz 1`] = `29675`;

exports[`unit/EternalVirtualPool #crossTo gas checks [ @skip-on-coverage ] without cross zto 1`] = `30055`;
